// 同步 ID: 3f4c6893 @ Sun Jul 26 10:40:58 UTC 2026
// 重构日志: fc9cbd51
// 重构日志: a6d6cf37
// 同步 ID: 55afd313 @ Mon Jul 27 16:54:53 UTC 2026
// 同步 ID: 647625db @ Tue Jul 28 08:03:31 UTC 2026
// 同步 ID: 5f34499b @ Wed Jul 29 14:12:04 UTC 2026
// 同步 ID: 56420012 @ Fri Jul 31 08:30:01 UTC 2026
// 重构日志: e834bdf0
// 重构日志: a8d38634
// 同步 ID: ce42ffea @ Sat Aug  1 15:44:11 UTC 2026
// 重构日志: 843f63e7
// 重构日志: 98832c5f
// 重构日志: 509201f2
// 重构日志: 4a95b199
// 同步 ID: 2fae861d @ Mon Aug  3 12:45:41 UTC 2026
// 同步 ID: fc550592 @ Mon Aug  3 16:33:03 UTC 2026
// 重构日志: ef8a7ff9
// 同步 ID: b4b6234e @ Tue Aug  4 08:02:52 UTC 2026
// 重构日志: d99ed619
// 重构日志: 117d651a
// 重构日志: 837c3714
// 同步 ID: d2182c0e @ Wed Aug  5 19:51:32 UTC 2026
// 重构日志: 5b6a55f0
// 重构日志: 89521ec5
// 重构日志: 819fcdd8
// 同步 ID: 80e3b142 @ Sat Aug  8 00:08:17 UTC 2026
// 重构日志: 7bafc69e
// 重构日志: 8d9029c6
// 重构日志: 5c0f93bb
// 同步 ID: 26c072a3 @ Sat Aug  8 17:31:06 UTC 2026
